exports[`MakeComment renders correctly 1`] = `
<div>
  <a
    className="StartButton"
    id="StartButtonComment">
    <span
      className="glyphicon glyphicon-pencil AppGlyphicon" />
  </a>
  <div
    className="Message pull-right input-group input-group-unstyled"
    id="CommentComment">
    <input
      className="CommentText form-control"
      id="CommentTextComment"
      onChange={[Function]}
      onKeyPress={[Function]}
      onSubmit={[Function]}
      placeholder={undefined}
      type="text"
      value="a" />
    <a
      className="SubmitButton input-group-addon"
      id="SubmitButtonComment"
      onClick={[Function]}>
      <span
        className="glyphicon glyphicon-send AppGlyphicon" />
    </a>
  </div>
</div>
`;
